<?xml version="1.0" encoding="utf-8" ?>
<result>
	<row>
		<label>Direct Entry</label>
		<nb_visits>1</nb_visits>
		<nb_actions>1</nb_actions>
		<max_actions>1</max_actions>
		<sum_visit_length>0</sum_visit_length>
		<bounce_count>1</bounce_count>
		<nb_visits_converted>0</nb_visits_converted>
		<sum_daily_nb_uniq_visitors>1</sum_daily_nb_uniq_visitors>
		<sum_daily_nb_users>1</sum_daily_nb_users>
		<segment>referrerType==direct</segment>
	</row>
	<row>
		<label>Search Engines</label>
		<nb_visits>1</nb_visits>
		<nb_actions>3</nb_actions>
		<max_actions>3</max_actions>
		<sum_visit_length>1441</sum_visit_length>
		<bounce_count>0</bounce_count>
		<goals>
			<row idgoal='ecommerceOrder'>
				<nb_conversions>1</nb_conversions>
				<nb_visits_converted>1</nb_visits_converted>
				<revenue>1111.11</revenue>
				<revenue_subtotal>1000</revenue_subtotal>
				<revenue_tax>111</revenue_tax>
				<revenue_shipping>0.11</revenue_shipping>
				<revenue_discount>666</revenue_discount>
				<items>3</items>
			</row>
		</goals>
		<nb_conversions>1</nb_conversions>
		<revenue>1111.11</revenue>
		<sum_daily_nb_uniq_visitors>1</sum_daily_nb_uniq_visitors>
		<sum_daily_nb_users>0</sum_daily_nb_users>
		<segment>referrerType==search</segment>
		<subtable>
			<row>
				<label>keyword &amp;=+@:?#</label>
				<nb_visits>1</nb_visits>
				<nb_actions>3</nb_actions>
				<max_actions>3</max_actions>
				<sum_visit_length>1441</sum_visit_length>
				<bounce_count>0</bounce_count>
				<goals>
					<row idgoal='ecommerceOrder'>
						<nb_conversions>1</nb_conversions>
						<nb_visits_converted>1</nb_visits_converted>
						<revenue>1111.11</revenue>
						<revenue_subtotal>1000</revenue_subtotal>
						<revenue_tax>111</revenue_tax>
						<revenue_shipping>0.11</revenue_shipping>
						<revenue_discount>666</revenue_discount>
						<items>3</items>
					</row>
				</goals>
				<nb_conversions>1</nb_conversions>
				<revenue>1111.11</revenue>
				<sum_daily_nb_uniq_visitors>1</sum_daily_nb_uniq_visitors>
				<sum_daily_nb_users>0</sum_daily_nb_users>
			</row>
		</subtable>
	</row>
	<row>
		<label>Websites</label>
		<nb_visits>1</nb_visits>
		<nb_actions>3</nb_actions>
		<max_actions>3</max_actions>
		<sum_visit_length>1441</sum_visit_length>
		<bounce_count>0</bounce_count>
		<nb_visits_converted>0</nb_visits_converted>
		<sum_daily_nb_uniq_visitors>1</sum_daily_nb_uniq_visitors>
		<sum_daily_nb_users>0</sum_daily_nb_users>
		<segment>referrerType==website</segment>
		<subtable>
			<row>
				<label>motherrussia.org</label>
				<nb_visits>1</nb_visits>
				<nb_actions>3</nb_actions>
				<max_actions>3</max_actions>
				<sum_visit_length>1441</sum_visit_length>
				<bounce_count>0</bounce_count>
				<nb_visits_converted>0</nb_visits_converted>
				<sum_daily_nb_uniq_visitors>1</sum_daily_nb_uniq_visitors>
				<sum_daily_nb_users>0</sum_daily_nb_users>
			</row>
		</subtable>
	</row>
</result>