<?xml version="1.0" encoding="utf-8" ?>
<result>
	<row>
		<label>PROD CAT &amp;=+@:?# abc</label>
		<revenue>15</revenue>
		<quantity>3</quantity>
		<orders>1</orders>
		<nb_visits>1</nb_visits>
		<nb_actions>1</nb_actions>
		<sum_daily_nb_uniq_visitors>1</sum_daily_nb_uniq_visitors>
		<avg_price>5</avg_price>
		<avg_quantity>3</avg_quantity>
		<conversion_rate>100%</conversion_rate>
	</row>
</result>