<?xml version="1.0" encoding="utf-8" ?>
<result>
	<row>
		<label>nekro.org</label>
		<nb_visits>1</nb_visits>
		<nb_hits>1</nb_hits>
		<sum_time_spent>0</sum_time_spent>
		<avg_bandwidth>0</avg_bandwidth>
		<subtable>
			<row>
				<label>/sub&amp;=+@:dir/instructions</label>
				<nb_visits>1</nb_visits>
				<nb_hits>1</nb_hits>
				<sum_time_spent>0</sum_time_spent>
				<sum_daily_nb_uniq_visitors>1</sum_daily_nb_uniq_visitors>
				<url>http://nekro.org/sub&amp;=+@:dir/instructions</url>
			</row>
		</subtable>
	</row>
</result>