<?xml version="1.0" encoding="utf-8" ?>
<result>
	<row>
		<label>1024x768</label>
		<nb_visits>3</nb_visits>
		<nb_actions>7</nb_actions>
		<max_actions>3</max_actions>
		<sum_visit_length>2882</sum_visit_length>
		<bounce_count>1</bounce_count>
		<nb_visits_converted>1</nb_visits_converted>
		<sum_daily_nb_uniq_visitors>2</sum_daily_nb_uniq_visitors>
		<sum_daily_nb_users>1</sum_daily_nb_users>
		<segment>resolution==1024x768</segment>
	</row>
</result>