<?xml version="1.0" encoding="utf-8" ?>
<result>
	<label>strangerdanger.org/sub&amp;= @:dir/page.html</label>
	<reportData>
		<result date="2012-01-25" />
		<result date="2012-01-26" />
		<result date="2012-01-27" />
		<result date="2012-01-28" />
		<result date="2012-01-29" />
		<result date="2012-01-30" />
		<result date="2012-01-31" />
		<result date="2012-02-01">
			<row>
				<nb_visits>2</nb_visits>
				<nb_hits>2</nb_hits>
				<bounce_rate>0%</bounce_rate>
				<avg_time_on_page>900</avg_time_on_page>
				<exit_rate>50%</exit_rate>
			</row>
		</result>
		<result date="2012-02-02" />
		<result date="2012-02-03" />
		<result date="2012-02-04" />
		<result date="2012-02-05" />
		<result date="2012-02-06" />
		<result date="2012-02-07" />
		<result date="2012-02-08" />
		<result date="2012-02-09" />
		<result date="2012-02-10" />
		<result date="2012-02-11" />
		<result date="2012-02-12" />
		<result date="2012-02-13" />
		<result date="2012-02-14" />
		<result date="2012-02-15" />
		<result date="2012-02-16" />
		<result date="2012-02-17" />
		<result date="2012-02-18" />
		<result date="2012-02-19" />
		<result date="2012-02-20" />
		<result date="2012-02-21" />
		<result date="2012-02-22" />
		<result date="2012-02-23" />
		<result date="2012-02-24" />
		<result date="2012-02-25" />
		<result date="2012-02-26" />
		<result date="2012-02-27" />
		<result date="2012-02-28" />
		<result date="2012-02-29" />
		<result date="2012-03-01" />
		<result date="2012-03-02" />
		<result date="2012-03-03" />
		<result date="2012-03-04" />
	</reportData>
	<metadata>
		<metrics>
			<nb_hits>
				<name>Pageviews</name>
				<min>0</min>
				<max>2</max>
			</nb_hits>
			<nb_visits>
				<name>Unique Pageviews</name>
				<min>0</min>
				<max>2</max>
			</nb_visits>
			<avg_time_on_page>
				<name>Avg. time on page</name>
				<min>0</min>
				<max>900</max>
			</avg_time_on_page>
			<bounce_rate>
				<name>Bounce Rate</name>
			</bounce_rate>
			<exit_rate>
				<name>Exit rate</name>
				<min>0</min>
				<max>50</max>
			</exit_rate>
			<avg_time_generation>
				<name>Avg. generation time</name>
			</avg_time_generation>
		</metrics>
		<dimension>Page URL</dimension>
	</metadata>
</result>