<?xml version="1.0" encoding="utf-8" ?>
<result>
	<row>
		<scope>visit</scope>
		<index>1</index>
		<usages>
			<row>
				<name>cv name &amp;=+@:?#</name>
				<nb_visits>1</nb_visits>
				<nb_actions>3</nb_actions>
			</row>
		</usages>
	</row>
	<row>
		<scope>visit</scope>
		<index>2</index>
		<usages>
		</usages>
	</row>
	<row>
		<scope>visit</scope>
		<index>3</index>
		<usages>
		</usages>
	</row>
	<row>
		<scope>visit</scope>
		<index>4</index>
		<usages>
		</usages>
	</row>
	<row>
		<scope>visit</scope>
		<index>5</index>
		<usages>
		</usages>
	</row>
	<row>
		<scope>page</scope>
		<index>1</index>
		<usages>
		</usages>
	</row>
	<row>
		<scope>page</scope>
		<index>2</index>
		<usages>
		</usages>
	</row>
	<row>
		<scope>page</scope>
		<index>3</index>
		<usages>
		</usages>
	</row>
	<row>
		<scope>page</scope>
		<index>4</index>
		<usages>
		</usages>
	</row>
	<row>
		<scope>page</scope>
		<index>5</index>
		<usages>
		</usages>
	</row>
</result>