<?xml version="1.0" encoding="utf-8" ?>
<result>
	<row>
		<label>Unknown</label>
		<nb_visits>2</nb_visits>
		<nb_actions>4</nb_actions>
		<max_actions>3</max_actions>
		<sum_visit_length>1441</sum_visit_length>
		<bounce_count>1</bounce_count>
		<nb_visits_converted>1</nb_visits_converted>
		<sum_daily_nb_uniq_visitors>2</sum_daily_nb_uniq_visitors>
		<sum_daily_nb_users>1</sum_daily_nb_users>
		<logo>plugins/Morpheus/icons/dist/browsers/UNK.png</logo>
		<segment>browserCode==UNK</segment>
	</row>
	<row>
		<label>Firefox</label>
		<nb_visits>1</nb_visits>
		<nb_actions>3</nb_actions>
		<max_actions>3</max_actions>
		<sum_visit_length>1441</sum_visit_length>
		<bounce_count>0</bounce_count>
		<nb_visits_converted>0</nb_visits_converted>
		<sum_daily_nb_uniq_visitors>1</sum_daily_nb_uniq_visitors>
		<sum_daily_nb_users>0</sum_daily_nb_users>
		<logo>plugins/Morpheus/icons/dist/browsers/FF.png</logo>
		<segment>browserCode==FF</segment>
	</row>
</result>