<?xml version="1.0" encoding="utf-8" ?>
<result>
	<row>
		<label> another page &amp;=+@:?# title</label>
		<nb_visits>1</nb_visits>
		<nb_hits>1</nb_hits>
		<sum_time_spent>0</sum_time_spent>
		<entry_nb_visits>1</entry_nb_visits>
		<entry_nb_actions>1</entry_nb_actions>
		<entry_sum_visit_length>0</entry_sum_visit_length>
		<entry_bounce_count>1</entry_bounce_count>
		<exit_nb_visits>1</exit_nb_visits>
		<sum_daily_nb_uniq_visitors>1</sum_daily_nb_uniq_visitors>
		<sum_daily_entry_nb_uniq_visitors>1</sum_daily_entry_nb_uniq_visitors>
		<sum_daily_exit_nb_uniq_visitors>1</sum_daily_exit_nb_uniq_visitors>
		<avg_bandwidth>0</avg_bandwidth>
		<avg_time_on_page>0</avg_time_on_page>
		<bounce_rate>100%</bounce_rate>
		<exit_rate>100%</exit_rate>
	</row>
	<row>
		<label> page &amp;=+@:?# title</label>
		<nb_visits>1</nb_visits>
		<nb_hits>1</nb_hits>
		<sum_time_spent>1440</sum_time_spent>
		<entry_nb_visits>1</entry_nb_visits>
		<entry_nb_actions>3</entry_nb_actions>
		<entry_sum_visit_length>1441</entry_sum_visit_length>
		<entry_bounce_count>0</entry_bounce_count>
		<exit_nb_visits>1</exit_nb_visits>
		<sum_daily_nb_uniq_visitors>1</sum_daily_nb_uniq_visitors>
		<sum_daily_entry_nb_uniq_visitors>1</sum_daily_entry_nb_uniq_visitors>
		<sum_daily_exit_nb_uniq_visitors>1</sum_daily_exit_nb_uniq_visitors>
		<avg_bandwidth>0</avg_bandwidth>
		<avg_time_on_page>1440</avg_time_on_page>
		<bounce_rate>0%</bounce_rate>
		<exit_rate>100%</exit_rate>
	</row>
</result>