<?xml version="1.0" encoding="utf-8" ?>
<result>
	<row>
		<label>PRODUCT name BIS &amp;=+@:?#</label>
		<revenue>15</revenue>
		<quantity>3</quantity>
		<orders>1</orders>
		<avg_price>5</avg_price>
		<avg_quantity>3</avg_quantity>
		<conversion_rate>0%</conversion_rate>
	</row>
	<row>
		<label>PRODUCT &amp;=+@:?# name</label>
		<nb_visits>1</nb_visits>
		<nb_actions>1</nb_actions>
		<sum_daily_nb_uniq_visitors>1</sum_daily_nb_uniq_visitors>
		<avg_price>666</avg_price>
		<avg_quantity>0</avg_quantity>
		<conversion_rate>0%</conversion_rate>
	</row>
</result>