<?xml version="1.0" encoding="utf-8" ?>
<result>
	<website>Piwik test</website>
	<prettyDate>week January 30 â€“ February 5, 2012</prettyDate>
	<metadata>
		<category>Actions</category>
		<subcategory>Page titles</subcategory>
		<name>Page titles</name>
		<module>Actions</module>
		<action>getPageTitles</action>
		<dimension>Page Title</dimension>
		<documentation>This report contains information about the titles of the pages that have been visited. &lt;br /&gt; The page title is the HTML &lt;title&gt; Tag that most browsers show in their window title.</documentation>
		<metrics>
			<nb_hits>Pageviews</nb_hits>
			<nb_visits>Unique Pageviews</nb_visits>
		</metrics>
		<metricsDocumentation>
			<nb_hits>The number of times this page was visited.</nb_hits>
			<nb_visits>The number of visits that included this page. If a page was viewed multiple times during one visit, it is only counted once.</nb_visits>
			<avg_time_on_page>The average amount of time visitors spent on this page (only the page, not the entire website).</avg_time_on_page>
			<bounce_rate>The percentage of visits that started on this page and left the website straight away.</bounce_rate>
			<exit_rate>The percentage of visits that left the website after viewing this page.</exit_rate>
		</metricsDocumentation>
		<processedMetrics>
			<avg_time_on_page>Avg. time on page</avg_time_on_page>
			<bounce_rate>Bounce Rate</bounce_rate>
			<exit_rate>Exit rate</exit_rate>
			<avg_time_generation>Avg. generation time</avg_time_generation>
		</processedMetrics>
		<actionToLoadSubTables>getPageTitles</actionToLoadSubTables>
		<relatedReports>
			<row>
				<name>Entry page titles</name>
				<module>Actions</module>
				<action>getEntryPageTitles</action>
			</row>
			<row>
				<name>Exit page titles</name>
				<module>Actions</module>
				<action>getExitPageTitles</action>
			</row>
		</relatedReports>
		<imageGraphUrl>index.php?module=API&amp;method=ImageGraph.get&amp;idSite=1&amp;apiModule=Actions&amp;apiAction=getPageTitles&amp;period=week&amp;date=2012-02-01</imageGraphUrl>
		<imageGraphEvolutionUrl>index.php?module=API&amp;method=ImageGraph.get&amp;idSite=1&amp;apiModule=Actions&amp;apiAction=getPageTitles&amp;period=week&amp;date=2011-07-11,2012-02-05</imageGraphEvolutionUrl>
		<uniqueId>Actions_getPageTitles</uniqueId>
	</metadata>
	<columns>
		<label>Page Title</label>
		<nb_hits>Pageviews</nb_hits>
		<nb_visits>Unique Pageviews</nb_visits>
		<avg_time_on_page>Avg. time on page</avg_time_on_page>
		<bounce_rate>Bounce Rate</bounce_rate>
		<exit_rate>Exit rate</exit_rate>
	</columns>
	<reportData>
		<row>
			<label> another page &amp;=+@:?# title</label>
			<nb_visits>1</nb_visits>
			<nb_hits>1</nb_hits>
			<bounce_rate>100%</bounce_rate>
			<avg_time_on_page>00:00:00</avg_time_on_page>
			<exit_rate>100%</exit_rate>
		</row>
		<row>
			<label> page &amp;=+@:?# title</label>
			<nb_visits>1</nb_visits>
			<nb_hits>1</nb_hits>
			<bounce_rate>0%</bounce_rate>
			<avg_time_on_page>00:24:00</avg_time_on_page>
			<exit_rate>100%</exit_rate>
		</row>
		<row>
			<label> product &amp;=+@:?# page</label>
			<nb_visits>1</nb_visits>
			<nb_hits>1</nb_hits>
			<bounce_rate>0%</bounce_rate>
			<avg_time_on_page>00:06:00</avg_time_on_page>
			<exit_rate>0%</exit_rate>
		</row>
	</reportData>
	<reportMetadata />
	<reportTotal>
		<nb_visits>3</nb_visits>
		<nb_hits>3</nb_hits>
		<entry_bounce_count>1</entry_bounce_count>
		<entry_nb_visits>3</entry_nb_visits>
		<entry_nb_actions>7</entry_nb_actions>
		<exit_nb_visits>2</exit_nb_visits>
	</reportTotal>
</result>