<?xml version="1.0" encoding="utf-8" ?>
<result>
	<label>motherrussia.org</label>
	<reportData>
		<result date="2012-01-25" />
		<result date="2012-01-26" />
		<result date="2012-01-27" />
		<result date="2012-01-28" />
		<result date="2012-01-29" />
		<result date="2012-01-30" />
		<result date="2012-01-31" />
		<result date="2012-02-01">
			<row>
				<nb_uniq_visitors>1</nb_uniq_visitors>
				<nb_visits>1</nb_visits>
				<nb_actions>3</nb_actions>
				<nb_users>0</nb_users>
				<nb_actions_per_visit>3</nb_actions_per_visit>
				<avg_time_on_site>1441</avg_time_on_site>
				<bounce_rate>0%</bounce_rate>
			</row>
		</result>
		<result date="2012-02-02" />
		<result date="2012-02-03" />
		<result date="2012-02-04" />
		<result date="2012-02-05" />
		<result date="2012-02-06" />
		<result date="2012-02-07" />
		<result date="2012-02-08" />
		<result date="2012-02-09" />
		<result date="2012-02-10" />
		<result date="2012-02-11" />
		<result date="2012-02-12" />
		<result date="2012-02-13" />
		<result date="2012-02-14" />
		<result date="2012-02-15" />
		<result date="2012-02-16" />
		<result date="2012-02-17" />
		<result date="2012-02-18" />
		<result date="2012-02-19" />
		<result date="2012-02-20" />
		<result date="2012-02-21" />
		<result date="2012-02-22" />
		<result date="2012-02-23" />
		<result date="2012-02-24" />
		<result date="2012-02-25" />
		<result date="2012-02-26" />
		<result date="2012-02-27" />
		<result date="2012-02-28" />
		<result date="2012-02-29" />
		<result date="2012-03-01" />
		<result date="2012-03-02" />
		<result date="2012-03-03" />
		<result date="2012-03-04" />
	</reportData>
	<metadata>
		<metrics>
			<nb_visits>
				<name>Visits</name>
				<min>0</min>
				<max>1</max>
			</nb_visits>
			<nb_uniq_visitors>
				<name>Unique visitors</name>
				<min>0</min>
				<max>1</max>
			</nb_uniq_visitors>
			<nb_actions>
				<name>Actions</name>
				<min>0</min>
				<max>3</max>
			</nb_actions>
			<nb_users>
				<name>Users</name>
			</nb_users>
			<nb_actions_per_visit>
				<name>Actions per Visit</name>
				<min>0</min>
				<max>3</max>
			</nb_actions_per_visit>
			<avg_time_on_site>
				<name>Avg. Time on Website</name>
				<min>0</min>
				<max>1441</max>
			</avg_time_on_site>
			<bounce_rate>
				<name>Bounce Rate</name>
			</bounce_rate>
		</metrics>
		<dimension>Website</dimension>
	</metadata>
</result>