<?xml version="1.0" encoding="utf-8" ?>
<result>
	<website>Piwik test</website>
	<prettyDate>week January 30 â€“ February 5, 2012</prettyDate>
	<metadata>
		<category>Actions</category>
		<subcategory>Pages</subcategory>
		<name>Page URLs</name>
		<module>Actions</module>
		<action>getPageUrls</action>
		<dimension>Page URL</dimension>
		<documentation>This report contains information about the page URLs that have been visited. &lt;br /&gt; The table is organized hierarchically, the URLs are displayed as a folder structure.&lt;br /&gt;Use the plus and minus icons on the left to navigate.</documentation>
		<metrics>
			<nb_hits>Pageviews</nb_hits>
			<nb_visits>Unique Pageviews</nb_visits>
		</metrics>
		<metricsDocumentation>
			<nb_hits>The number of times this page was visited.</nb_hits>
			<nb_visits>The number of visits that included this page. If a page was viewed multiple times during one visit, it is only counted once.</nb_visits>
			<avg_time_on_page>The average amount of time visitors spent on this page (only the page, not the entire website).</avg_time_on_page>
			<bounce_rate>The percentage of visits that started on this page and left the website straight away.</bounce_rate>
			<exit_rate>The percentage of visits that left the website after viewing this page.</exit_rate>
		</metricsDocumentation>
		<processedMetrics>
			<avg_time_on_page>Avg. time on page</avg_time_on_page>
			<bounce_rate>Bounce Rate</bounce_rate>
			<exit_rate>Exit rate</exit_rate>
			<avg_time_generation>Avg. generation time</avg_time_generation>
		</processedMetrics>
		<actionToLoadSubTables>getPageUrls</actionToLoadSubTables>
		<imageGraphUrl>index.php?module=API&amp;method=ImageGraph.get&amp;idSite=1&amp;apiModule=Actions&amp;apiAction=getPageUrls&amp;period=week&amp;date=2012-02-01</imageGraphUrl>
		<imageGraphEvolutionUrl>index.php?module=API&amp;method=ImageGraph.get&amp;idSite=1&amp;apiModule=Actions&amp;apiAction=getPageUrls&amp;period=week&amp;date=2011-07-11,2012-02-05</imageGraphEvolutionUrl>
		<uniqueId>Actions_getPageUrls</uniqueId>
	</metadata>
	<columns>
		<label>Page URL</label>
		<nb_hits>Pageviews</nb_hits>
		<nb_visits>Unique Pageviews</nb_visits>
		<avg_time_on_page>Avg. time on page</avg_time_on_page>
		<bounce_rate>Bounce Rate</bounce_rate>
		<exit_rate>Exit rate</exit_rate>
	</columns>
	<reportData>
		<row>
			<label>sub&amp;=+@:dir</label>
			<nb_visits>2</nb_visits>
			<nb_hits>2</nb_hits>
			<bounce_rate>0%</bounce_rate>
			<avg_time_on_page>00:15:00</avg_time_on_page>
			<exit_rate>50%</exit_rate>
		</row>
		<row>
			<label>Page URL not defined</label>
			<nb_visits>1</nb_visits>
			<nb_hits>1</nb_hits>
			<bounce_rate>0%</bounce_rate>
			<avg_time_on_page>00:00:00</avg_time_on_page>
			<exit_rate>0%</exit_rate>
		</row>
	</reportData>
	<reportMetadata>
		<row>
			
			<idsubdatatable>2</idsubdatatable>
		</row>
		<row>
			<url />
		</row>
	</reportMetadata>
	<reportTotal>
		<nb_visits>3</nb_visits>
		<nb_hits>3</nb_hits>
		<entry_bounce_count>0</entry_bounce_count>
		<entry_nb_visits>2</entry_nb_visits>
		<entry_nb_actions>6</entry_nb_actions>
		<exit_nb_visits>1</exit_nb_visits>
	</reportTotal>
</result>