<?xml version="1.0" encoding="utf-8" ?>
<result>
	<row>
		<label>search &amp;=+@:?# category</label>
		<nb_visits>1</nb_visits>
		<nb_actions>1</nb_actions>
		<sum_daily_nb_uniq_visitors>1</sum_daily_nb_uniq_visitors>
		<nb_pages_per_search>1</nb_pages_per_search>
	</row>
</result>