<?xml version="1.0" encoding="utf-8" ?>
<result>
	<row>
		<label>/sub&amp;=+@:dir</label>
		<nb_visits>2</nb_visits>
		<nb_hits>2</nb_hits>
		<sum_time_spent>1800</sum_time_spent>
		<sum_bandwidth>0</sum_bandwidth>
		<nb_hits_with_bandwidth>0</nb_hits_with_bandwidth>
		<min_bandwidth />
		<max_bandwidth />
		<entry_nb_visits>2</entry_nb_visits>
		<entry_nb_actions>6</entry_nb_actions>
		<entry_sum_visit_length>2882</entry_sum_visit_length>
		<entry_bounce_count>0</entry_bounce_count>
		<exit_nb_visits>1</exit_nb_visits>
		<avg_bandwidth>0</avg_bandwidth>
		<avg_time_on_page>900</avg_time_on_page>
		<bounce_rate>0%</bounce_rate>
		<exit_rate>50%</exit_rate>
		<is_aggregate>1</is_aggregate>
	</row>
	<row>
		<label>/sub&amp;=+@:dir/page.html</label>
		<nb_visits>2</nb_visits>
		<nb_hits>2</nb_hits>
		<sum_time_spent>1800</sum_time_spent>
		<sum_bandwidth>0</sum_bandwidth>
		<nb_hits_with_bandwidth>0</nb_hits_with_bandwidth>
		<min_bandwidth />
		<max_bandwidth />
		<entry_nb_visits>2</entry_nb_visits>
		<entry_nb_actions>6</entry_nb_actions>
		<entry_sum_visit_length>2882</entry_sum_visit_length>
		<entry_bounce_count>0</entry_bounce_count>
		<exit_nb_visits>1</exit_nb_visits>
		<sum_daily_nb_uniq_visitors>1</sum_daily_nb_uniq_visitors>
		<sum_daily_entry_nb_uniq_visitors>1</sum_daily_entry_nb_uniq_visitors>
		<sum_daily_exit_nb_uniq_visitors>1</sum_daily_exit_nb_uniq_visitors>
		<avg_bandwidth>0</avg_bandwidth>
		<avg_time_on_page>900</avg_time_on_page>
		<bounce_rate>0%</bounce_rate>
		<exit_rate>50%</exit_rate>
		<url>http://strangerdanger.org/sub&amp;=+@:dir/page.html</url>
		<is_aggregate>0</is_aggregate>
		<segment>pageUrl==http%253A%252F%252Fstrangerdanger.org%252Fsub%2526%253D%252B%2540%253Adir%252Fpage.html</segment>
	</row>
	<row>
		<label>Page URL not defined</label>
		<nb_visits>1</nb_visits>
		<nb_hits>1</nb_hits>
		<sum_time_spent>0</sum_time_spent>
		<sum_bandwidth>0</sum_bandwidth>
		<nb_hits_with_bandwidth>0</nb_hits_with_bandwidth>
		<min_bandwidth />
		<max_bandwidth />
		<sum_daily_nb_uniq_visitors>1</sum_daily_nb_uniq_visitors>
		<avg_bandwidth>0</avg_bandwidth>
		<avg_time_on_page>0</avg_time_on_page>
		<bounce_rate>0%</bounce_rate>
		<exit_rate>0%</exit_rate>
		<url />
		<is_aggregate>0</is_aggregate>
	</row>
</result>